
> starter_helpi@0.1.0 test
> react-scripts test --coverage

FAIL src/App.test.tsx
  ✕ renders learn react link (61 ms)

  ● renders learn react link

    TestingLibraryElementError: Unable to find an element with the text: /learn react/i. This could be because the text is broken up by multiple elements. In this case, you can provide a function for your text matcher to make your matcher more flexible.

    Ignored nodes: comments, script, style
    [36m<body>[39m
      [36m<div>[39m
        [36m<nav[39m
          [33mclass[39m=[32m"navbar"[39m
        [36m>[39m
          [36m<ul[39m
            [33mclass[39m=[32m"navbar-list"[39m
          [36m>[39m
            [36m<li[39m
              [33mclass[39m=[32m"navbar-item"[39m
            [36m>[39m
              [36m<a[39m
                [33mhref[39m=[32m"#/"[39m
              [36m>[39m
                [0mHome[0m
              [36m</a>[39m
            [36m</li>[39m
            [36m<li[39m
              [33mclass[39m=[32m"navbar-item"[39m
            [36m>[39m
              [36m<a[39m
                [33mhref[39m=[32m"#/DetailedQuestions"[39m
              [36m>[39m
                [0mDetailed Questions[0m
              [36m</a>[39m
            [36m</li>[39m
            [36m<li[39m
              [33mclass[39m=[32m"navbar-item"[39m
            [36m>[39m
              [36m<a[39m
                [33mhref[39m=[32m"#/BasicQuestions"[39m
              [36m>[39m
                [0mBasic Questions[0m
              [36m</a>[39m
            [36m</li>[39m
            [36m<li[39m
              [33mclass[39m=[32m"navbar-item"[39m
            [36m>[39m
              [36m<a[39m
                [33mhref[39m=[32m"#/AboutMe"[39m
              [36m>[39m
                [0mAbout Us[0m
              [36m</a>[39m
            [36m</li>[39m
            [36m<li[39m
              [33mclass[39m=[32m"navbar-item"[39m
            [36m>[39m
              [36m<a[39m
                [33mhref[39m=[32m"#/Results"[39m
              [36m>[39m
                [0mResults[0m
              [36m</a>[39m
            [36m</li>[39m
          [36m</ul>[39m
        [36m</nav>[39m
        [36m<div[39m
          [33mclass[39m=[32m"App"[39m
        [36m>[39m
          [36m<header[39m
            [33mclass[39m=[32m"App-header"[39m
          [36m>[39m
            [36m<main[39m
              [33mclass[39m=[32m"container"[39m
            [36m>[39m
              [36m<header[39m
                [33mclass[39m=[32m"hero"[39m
              [36m>[39m
                [36m<h1[39m
                  [33mclass[39m=[32m"logo"[39m
                [36m>[39m
                  [0mThe Career Helper AI[0m
                [36m</h1>[39m
                [36m<p[39m
                  [33mclass[39m=[32m"tagline"[39m
                [36m>[39m
                  [0mDiscover Your Ideal Career Path![0m
                [36m</p>[39m
                [36m<a[39m
                  [33mclass[39m=[32m"cta-button"[39m
                  [33mhref[39m=[32m"#/BasicQuestions"[39m
                [36m>[39m
                  [0mStart Your Quiz[0m
                [36m</a>[39m
              [36m</header>[39m
              [36m<section[39m
                [33mclass[39m=[32m"introduction"[39m
              [36m>[39m
                [36m<h2>[39m
                  [0mWhat is The Career Helper AI?[0m
                [36m</h2>[39m
                [36m<p>[39m
                  [0mOur quiz analyzes your skills, preferences, and interests to suggest the best career paths for you. Whether you're a student, a professional seeking a career change, or just curious, we can help you find your perfect fit.[0m
                [36m</p>[39m
              [36m</section>[39m
              [36m<section[39m
                [33mclass[39m=[32m"how-it-works"[39m
              [36m>[39m
                [36m<h2>[39m
                  [0mHow It Works[0m
                [36m</h2>[39m
                [36m<div[39m
                  [33mclass[39m=[32m"steps"[39m
                [36m>[39m
                  [36m<div[39m
                    [33mclass[39m=[32m"step"[39m
                  [36m>[39m
                    [36m<h3>[39m
                      [0mStep 1[0m
                    [36m</h3>[39m
                    [36m<p>[39m
                      [0mAnswer a few simple questions about your preferences and skills.[0m
                    [36m</p>[39m
                  [36m</div>[39m
                  [36m<div[39m
                    [33mclass[39m=[32m"step"[39m
                  [36m>[39m
                    [36m<h3>[39m
                      [0mStep 2[0m
                    [36m</h3>[39m
                    [36m<p>[39m
                      [0mOur AI analyzes your responses to match you with suitable careers.[0m
                    [36m</p>[39m
                  [36m</div>[39m
                  [36m<div[39m
                    [33mclass[39m=[32m"step"[39m
                  [36m>[39m
                    [36m<h3>[39m
                      [0mStep 3[0m
                    [36m</h3>[39m
                    [36m<p>[39m
                      [0mGet a personalized report with career suggestions and resources.[0m
                    [36m</p>[39m
                  [36m</div>[39m
                [36m</div>[39m
              [36m</section>[39m
            [36m</main>[39m
          [36m</header>[39m
          [36m<form[39m
            [33mclass[39m=[32m""[39m
          [36m>[39m
            [36m<label[39m
              [33mclass[39m=[32m"form-label"[39m
            [36m>[39m
              [0mAPI Key:[0m
            [36m</label>[39m
            [36m<input[39m
              [33mclass[39m=[32m"form-control"[39m
              [33mplaceholder[39m=[32m"Insert API Key Here"[39m
              [33mtype[39m=[32m"password"[39m
            [36m/>[39m
            [36m<br />[39m
            [36m<button[39m
              [33mclass[39m=[32m"Submit-Button btn btn-primary"[39m
              [33mtype[39m=[32m"button"[39m
            [36m>[39m
              [0mSubmit[0m
            [36m</button>[39m
          [36m</form>[39m
        [36m</div>[39m
        [36m<footer[39m
          [33mclass[39m=[32m"footer"[39m
        [36m>[39m
          [36m<div[39m
            [33mclass[39m=[32m"footer-content"[39m
          [36m>[39m
            [36m<p>[39m
              [0mContact Us[0m
            [36m</p>[39m
            [36m<ul[39m
              [33mclass[39m=[32m"contact-info"[39m
            [36m>[39m
              [36m<li>[39m
                [0mEmail: group@example.com[0m
              [36m</li>[39m
              [36m<li>[39m
                [0mPhone: (123) 456-7890[0m
              [36m</li>[39m
              [36m<li>[39m
                [0mAddress: 123 Career Helper St, Quizville[0m
              [36m</li>[39m
            [36m</ul>[39m
            [36m<p>[39m
              [0m© 2024 The Career Helper AI. All rights reserved.[0m
            [36m</p>[39m
          [36m</div>[39m
        [36m</footer>[39m
      [36m</div>[39m
    [36m</body>[39m

       5 | test('renders learn react link', () => {
       6 |   render(<App />);
    >  7 |   const linkElement = screen.getByText(/learn react/i);
         |                              ^
       8 |   expect(linkElement).toBeInTheDocument();
       9 | });
      10 |

      at Object.getElementError (node_modules/@testing-library/react/node_modules/@testing-library/dom/dist/config.js:37:19)
      at node_modules/@testing-library/react/node_modules/@testing-library/dom/dist/query-helpers.js:76:38
      at node_modules/@testing-library/react/node_modules/@testing-library/dom/dist/query-helpers.js:52:17
      at getByText (node_modules/@testing-library/react/node_modules/@testing-library/dom/dist/query-helpers.js:95:19)
      at Object.<anonymous> (src/App.test.tsx:7:30)
      at TestScheduler.scheduleTests (node_modules/@jest/core/build/TestScheduler.js:333:13)
      at runJest (node_modules/@jest/core/build/runJest.js:404:19)
      at _run10000 (node_modules/@jest/core/build/cli/index.js:320:7)
      at runCLI (node_modules/@jest/core/build/cli/index.js:173:3)

-----------------------------------------|---------|----------|---------|---------|-------------------
File                                     | % Stmts | % Branch | % Funcs | % Lines | Uncovered Line #s 
-----------------------------------------|---------|----------|---------|---------|-------------------
All files                                |   20.43 |     6.25 |   13.79 |   21.11 |                   
 src                                     |   28.57 |    16.66 |      20 |   28.57 |                   
  App.tsx                                |      60 |       50 |   33.33 |      60 | 20,29-35          
  index.tsx                              |       0 |      100 |     100 |       0 | 7-19              
  reportWebVitals.ts                     |       0 |        0 |       0 |       0 | 3-10              
 src/Components                          |     100 |      100 |     100 |     100 |                   
  Footer.tsx                             |     100 |      100 |     100 |     100 |                   
  NavBar.tsx                             |     100 |      100 |     100 |     100 |                   
 src/Pages/HomePage                      |     100 |      100 |     100 |     100 |                   
  HomePage.tsx                           |     100 |      100 |     100 |     100 |                   
 src/Pages/HomePage/AboutMe              |      50 |      100 |       0 |      50 |                   
  AboutMe.tsx                            |      50 |      100 |       0 |      50 | 5                 
 src/Pages/HomePage/BasicQuestionPage    |      10 |      100 |       0 |   10.52 |                   
  BasicQuestion.tsx                      |      10 |      100 |       0 |   10.52 | 14-68             
 src/Pages/HomePage/DetailedQuestionPage |   11.11 |        0 |       0 |      12 |                   
  DetailedQuestion.tsx                   |   11.11 |        0 |       0 |      12 | 38-98             
 src/Pages/HomePage/Results              |    5.88 |        0 |       0 |    5.88 |                   
  Results.tsx                            |    5.88 |        0 |       0 |    5.88 | 6-73              
-----------------------------------------|---------|----------|---------|---------|-------------------
Test Suites: 1 failed, 1 total
Tests:       1 failed, 1 total
Snapshots:   0 total
Time:        3.133 s
Ran all test suites.
[0;33mOne of your dependencies, babel-preset-react-app, is importing the
"@babel/plugin-proposal-private-property-in-object" package without
declaring it in its dependencies. This is currently working because
"@babel/plugin-proposal-private-property-in-object" is already in your
node_modules folder for unrelated reasons, but it [1mmay break at any time[0;33m.

babel-preset-react-app is part of the create-react-app project, [1mwhich
is not maintianed anymore[0;33m. It is thus unlikely that this bug will
ever be fixed. Add "@babel/plugin-proposal-private-property-in-object" to
your devDependencies to work around this error. This will make this message
go away.[0m
  
